[www.useetv.com/tv/live.html]
[backblue.gif]
[fade.gif]
[index.html]
[www.useetv.com/pimages/useetv-og-default.jpg]
[www.useetv.com/assets/css/style.min9a9d.css]
[storage.googleapis.com/adasia-ad-network-origin/atm/library/avmLibrary.js]
[pagead2.googlesyndication.com/pagead/js/f.txt]
[www.google.com/recaptcha/api.js]
[www.useetv.com/pagespeed_static/1.JiBnMqyl6S.gif]
[www.useetv.com/assets/images/logo.png]
[www.useetv.com/assets/images/channel/channel_temp.png]
[www.useetv.com/assets/js/local/global.min3f71.js]
[www.useetv.com/tv/live.html]
[www.useetv.com/assets/js/local/filter.js]
[www.useetv.com/assets/js/vendor.min69ea.js]
[www.useetv.com/assets/css/fonts/slick.c.delayed]
[www.useetv.com/assets/css/fonts/slickd41d.eot]
[www.useetv.com/assets/css/fonts/slick.woff]
[www.useetv.com/assets/css/fonts/slick.ttf]
[www.useetv.com/assets/css/fonts/slick.svg]
[www.useetv.com/assets/css/ajax-loader.gif.pagespeed.ce.xc1_UwBXar.gif]
[www.useetv.com/assets/images/xprofile-bg.jpg.pagespeed.ic.0cJOMESJ8Q.jpg]
[www.useetv.com/assets/css/style.min9a9d.css]
[www.useetv.com/assets/css/fonts/slick.html]
[www.useetv.com/assets/css/fonts/slickd41d.html]
[www.useetv.com/assets/css/fonts/slick-2.html]
[www.useetv.com/assets/css/fonts/slick-3.html]
[www.useetv.com/assets/css/fonts/slick-4.html]
